// Jest Snapshot v1, https://goo.gl/fbAQLP

exports[`renders MainPage without crashing 1`] = `
<div
  className="tc"
>
  <Scroll>
    <Header />
    <SearchBox
      searchChange={[MockFunction]}
    />
  </Scroll>
  <ErrorBoundary>
    <CardList
      robots={Array []}
    />
  </ErrorBoundary>
</div>
`;
